// Jest Snapshot v1, https://goo.gl/fbAQLP

exports[`should render navbar correctly 1`] = `
"<nav class=\\"navbar navbar-dark bg-primary\\"><a class=\\"navbar-brand\\" href=\\"javascript:;\\"><object data=\\"data:image/svg+xml;base64,PHN2ZyBlbmFibGUtYmFja2dyb3VuZD0ibmV3IDAgMCA0OTcgNDk3IiBoZWlnaHQ9IjUxMiIgdmlld0JveD0iMCAwIDQ5NyA0OTciIHdpZHRoPSI1MTIiCiAgICB4bWxucz0iaHR0cDovL3d3dy53My5vcmcvMjAwMC9zdmciPgogICAgPGc+CiAgICAgICAgPHBhdGggZD0ibTE2OC4zNTMgMjY1LjEwOXY1My4wMzFsNDcuOTE5LTMzLjkzMnoiIGZpbGw9IiNkMTYxNjEiLz4KICAgICAgICA8cGF0aCBkPSJtMjk1LjUyOSAzMDUuMjQ4IDEwOS43NzIgMTQwLjcwM2M5LjIyMyAxMS44NTMgMjEuOTQyIDE1LjU1NSAzNC4zNDIgMTUuNTU1aDYuMzQzbC05MC4zMDUtMTY4LjE0OXoiIGZpbGw9IiNkMTYxNjEiLz4KICAgICAgICA8cGF0aCBkPSJtMzc0LjY2NiAyNzguNTk3YzQ0LjIxOSA3OC4xNDMgMTE5LjU4NyAyMTEuMzMzIDExOS41ODcgMjExLjMzMyAxLjc4NyAzLjE1OC0uNDk0IDcuMDctNC4xMjMgNy4wNy0xMi4zNDkgMC0yNC43NjMtNi4yNDUtMzMuMjE2LTE5LjAybC0xMTEuMjQtMTY3LjY4OHoiIGZpbGw9IiNkOTdiN2IiLz4KICAgICAgICA8cGF0aCBkPSJtOTguOTg2IDBjNDguNDU2IDAgOTkuNDA1IDM0LjQ2IDExNi43MzQgMTAyLjUgOTEuNTgzIDY0LjggMTA3LjgyMiA4NS43NTMgMTMxLjUwOCAxMjcuNjEgNS4xNyA5LjEzNyAxNS4wODkgMjYuNjY1IDI3LjQzOCA0OC40ODdsLTI0NS4yOS0zMy43MmMtMjIuMzE2LTI4LjMzMi0yNi42NDEtNzcuMDQtMjYuNjQxLTEzMC43MTQgMCAwLTU0LjQ2Ny03My4xOTItNjUuNDkzLTg0LjE2My0xMC45MjItMTAuODY3LTEuMzUzLTI5Ljk4MyAxMi4yNDctMjkuOTgzIDE0LjYwMiAwIDQxLjAyMy0uMDE3IDQ5LjQ5Ny0uMDE3eiIgZmlsbD0iI2Q5N2I3YiIvPgogICAgICAgIDxwYXRoIGQ9Im0xNDkuMzc2IDIyNC44NzZjLTI3LjU0MS0yNy41NDEtMzkuMjg2LTYwLjA0Ny0zOS4yODYtMTEzLjcyMSAwLTQuODc0LS4wMTgtMTIuNjc0LS4wMTgtMTIuNjc0cy01Ny44MDQtNTcuNTExLTY4LjgzLTY4LjQ4MWMtMTAuOTIyLTEwLjg2Ny01LjM0OC0yOS42MzEgOC4yNDctMjkuOTgzLTE2Ljc1Mi4yMDctMzAuMjY4IDEzLjg0Mi0zMC4yNjggMzAuNjQzbDY1LjU4IDEwNi42MDFjMCA0Mi4wMjYgMTcuMDM0IDgwLjA3NCA0NC41NzUgMTA3LjYxNWw2Mi42MjQgOC42MDljLTE3LjM3Ny04LjE2NC0zMS42ODQtMTcuNjY4LTQyLjYyNC0yOC42MDl6IiBmaWxsPSIjZDE2MTYxIi8+CiAgICAgICAgPHBhdGggZD0ibTIxNi44NDggMjczLjU0NGMzOC42NTUtMTMuOTUyIDYyLjM0LTUzLjQzMiA2Mi4zNC04MC4yMzMtMjkuODI2LTIxLjA3OS01MC41NDMtMzQuNjY3LTc3LjE1My0zNC42NjcgMCAwLTIzLjc2MSAwLTM2Ljk0IDAtMTguNTQyIDAtMzQuNzQxIDkuOTk3LTQzLjUyNyAyNC44OSA2LjM1OSAxNS43MzMgMTUuNTAzIDM5LjAzOCAyNy44MDkgNTEuMzQzIDE1Ljc4MSAxNS43ODEgMzguNTU3IDI4LjU3OCA2Ny40NzEgMzguNjY3eiIgZmlsbD0iI2U3YWZhZiIvPgogICAgICAgIDxwYXRoIGQ9Im0xNDkuMzc2IDIyNC44NzZjLTEyLjMwNi0xMi4zMDUtMjEuNDQ5LTI1LjYxLTI3LjgwOS00MS4zNDMtNC40MzQgNy41MTQtNi45ODYgMTYuMjY5LTYuOTg2IDI1LjYyNCAwIDEzLjk0OSA1LjY1NCAyNi41NzggMTQuNzk1IDM1LjcxOSAxMC4xNjYgMTAuMTY2IDIzLjIzNyAxOS4wOTIgMzguOTc5IDI2Ljg1NiAxNy45MTUgMCA0OC40OTMgNi44NjQgNDguNDkzLTguMTg4LTI4LjkxNC0xMC4wODktNTEuNjktMjIuODg2LTY3LjQ3Mi0zOC42Njh6IiBmaWxsPSIjZDk3YjdiIi8+CiAgICAgICAgPHBhdGggZD0ibTIxNi44NDggMjYzLjU0NGMyMy40NzcgOC4xOTIgNTEuMDA0IDI0LjU5NyA4Mi4xMjEgMjkuMzY0IDIyLjQ0OS0xMi42ODMgMzUuNzAzLTQyLjI3OCAzNS43MDMtNjAuMzg3bC01NS40ODQtMzkuMjExYy0uMDAxIDI2LjgwMi0yMy42ODUgNTYuMjgyLTYyLjM0IDcwLjIzNHoiIGZpbGw9IiNmOGU4ODMiLz4KICAgICAgICA8cGF0aCBkPSJtMjE2Ljg0OCAyNjMuNTQ0Yy0xNC4yNzEgNS4xNS0zMC41NzggOC4xODgtNDguNDkzIDguMTg4IDIwLjc4NSAxMC4yNTEgNDYuMjM1IDE4LjQ3MSA3NS44MiAyNC44MyAyMS40NjUtLjAwMiA1NC43OTQgMCA1NC43OTQtMTMuNjU0LTMxLjExOC00Ljc2Ny01OC42NDUtMTEuMTcyLTgyLjEyMS0xOS4zNjR6IiBmaWxsPSIjZWVjMDZiIi8+CiAgICAgICAgPHBhdGggZD0ibTI5OC45NjkgMjgyLjkwOGMzOS44MDYgMTUuMzc1IDc2LjYyNSA4LjgyNiAxMjEuNDIgMTAuMTg5bC04NS43MTctNjAuNTc2YzAgMTguMTA5LTEzLjI1NCAzNy43MDUtMzUuNzAzIDUwLjM4N3oiIGZpbGw9IiM4MGI2ZmMiLz4KICAgICAgICA8cGF0aCBkPSJtNDMwLjE4NyAzMDAuMDIyLTkuNzk5LTYuOTI1Yy00NC43OTUtMS4zNjQtODUuNS00LjY4Ni0xMjEuNDItMTAuMTg5LTE0LjY5OCA4LjMwNC0zMy4zMjkgMTMuNjUyLTU0Ljc5NCAxMy42NTQgNDkuNjgxIDEwLjY3OSAxMTEuMDIzIDE2LjExMiAxODEuNTY0IDE3LjA5NiA3LjM3Ni4xMDMgMTAuNDczLTkuMzc4IDQuNDQ5LTEzLjYzNnoiIGZpbGw9IiM1YTg2Y2MiLz4KICAgICAgICA8cGF0aCBkPSJtNjIuMzI0IDczLjc2NGMtMTIuNTQ5IDAtMjEuMjE4IDQuNjY3LTI1Ljk0MSAxMS4yMDkgMCAwLTEuNzM3IDExLjg2OSAyLjE2NCAxNy4wNDggMjIuODc1IDMwLjM2NiA1MS43MjMgMTcuNzYgNTIuMTI3IDE3Ljc1Mi45OTQtMTkuNDg5LTguNTU2LTQ2LjAwOS0yOC4zNS00Ni4wMDl6IiBmaWxsPSIjOGM4MThmIi8+CiAgICAgICAgPHBhdGggZD0ibTQxLjA4NiA5NC4wODhjLTEuNDYzLTIuMTY0LTMuMTQyLTUuMjgyLTQuNzAzLTkuMTE1LTUuNjAxIDcuNzU4LTUuNjQ3IDE4LjE1Ni4wNDIgMjYuNTczIDEwLjQ4NiAxNS41MTUgMjguMjM5IDI1LjcxNSA0OC4zNzYgMjUuNzE1IDMuNTM5LTMuNDk5IDUuNDg5LTkuOTcyIDUuODczLTE3LjQ4OS0uNDA0LjAwOC0uODA2LjAzMS0xLjIxMi4wMzEtMjAuMTM3IDAtMzcuODktMTAuMi00OC4zNzYtMjUuNzE1eiIgZmlsbD0iIzY1NWU2NyIvPgogICAgICAgIDxwYXRoIGQ9Im0xNDIuODI0IDg1LjA1Yy4yMS0yLjAxNy4zMjItNC4wNjMuMzIyLTYuMTM1IDAtMzIuMjU1LTI2LjYxNy00OC45MTUtNDkuMDU3LTQ4LjkxNS0xNy41NDMgMC0zMS43NjUgMTQuMjIxLTMxLjc2NSAzMS43NjR2MTJjMTIuMTQ4IDEyLjE0OCAxOS4yIDI0Ljg3OCAyMS41NjggNDUuNzc2IDEuODMzLjE3MyAzLjY5IDEwLjI2MyA1LjU2OSAxMC4yNjMgMjMuODI1IDAgNDQuMy0yNC4yODYgNTMuMzYzLTQ0Ljc1M3oiIGZpbGw9IiNmZWZhZTMiLz4KICAgICAgICA8cGF0aCBkPSJtODkuNDYyIDExOS44MDNjLTEuODc5IDAtMy43MzYtLjA4OS01LjU2OS0uMjYzLjYwNCA1LjMzNS45MDggMTEuMTkzLjkwOCAxNy43MjEgMzAuMTUxIDAgNTQuOTU2LTIyLjg3MiA1OC4wMjMtNTIuMjExLTkuMDYzIDIwLjQ2Ny0yOS41MzggMzQuNzUzLTUzLjM2MiAzNC43NTN6IiBmaWxsPSIjZmFmMGIwIi8+CiAgICAgICAgPHBhdGggZD0ibTYyLjMyNCA3My43NjRjLTE1LjI0OS0xNS4yNS00My4xMDMtNDMuMTA0LTQzLjEwMy00My4xMDQtOS40MzggMTMuMTczLTIyLjgwMSA2Ni41MDcgMTQuMzYyIDkwLjExOCAzLjUzNS0yMy43NDEgMTMuNDcxLTM2LjEzMyAyOC43NDEtNDcuMDE0eiIgZmlsbD0iI2ZlZmFlMyIvPgogICAgICAgIDxwYXRoIGQ9Im0zMi4yNTcgMTM1Ljc3MmMuMjAxLTUuNDYzLjY0OC0xMC40MzcgMS4zMjYtMTQuOTk0LTI4LjcwOC0zNS4xMy0yMS41MDYtNzcuNTYtMTQuMzYyLTkwLjExOC0xMC43MDggMTMuNjI1LTE3LjA5NSAzMC44MDctMTcuMDk1IDQ5LjQ4MSAwIDIyLjczMyA5LjQ2NSA0My4yNTYgMjQuNjcxIDU3Ljg0MiAyLjAxNyAxLjkzNCA1LjM1Ny41ODMgNS40Ni0yLjIxMXoiIGZpbGw9IiNmYWYwYjAiLz4KICAgICAgICA8ZyBmaWxsPSIjNjU1ZTY3Ij4KICAgICAgICAgICAgPHBhdGggZD0ibTk5LjY1MSA4Mi45NmMtNC4xNDMgMC03LjUtMy4zNTgtNy41LTcuNXYtMTUuNDhjMC00LjE0MiAzLjM1Ny03LjUgNy41LTcuNXM3LjUgMy4zNTggNy41IDcuNXYxNS40OGMwIDQuMTQyLTMuMzU3IDcuNS03LjUgNy41eiIvPgogICAgICAgICAgICA8cGF0aCBkPSJtMTk1Ljk4OCAzNTYuMDE1Yy0yLjkyOSAyLjkyOS03LjY3OCAyLjkyOC0xMC42MDYtLjAwMS0yLjkyOS0yLjkyOS0yLjkyOS03LjY3OC4wMDEtMTAuNjA2IDIuMTg3LTIuMTg2IDMuMzkxLTUuMDk0IDMuMzkxLTguMTg4IDAtNi4zODUtNS4xOTQtMTEuNTgtMTEuNTc5LTExLjU4aC0zMGMtNi4zODYgMC0xMS41OCA1LjE5NS0xMS41OCAxMS41OCAwIDMuMDk0IDEuMjA0IDYuMDAxIDMuMzkxIDguMTg4IDIuOTMgMi45MjkgMi45MyA3LjY3OC4wMDEgMTAuNjA2LTIuOTMgMi45My03LjY3NyAyLjkzLTEwLjYwNi4wMDEtNS4wMjEtNS4wMi03Ljc4NS0xMS42OTQtNy43ODUtMTguNzk1IDAtMTQuNjU2IDExLjkyNC0yNi41OCAyNi41OC0yNi41OGgzMGMxNC42NTYgMCAyNi41NzkgMTEuOTI0IDI2LjU3OSAyNi41OC0uMDAyIDcuMTAxLTIuNzY2IDEzLjc3Ni03Ljc4NyAxOC43OTV6Ii8+CiAgICAgICAgPC9nPgogICAgPC9nPgo8L3N2Zz4K\\" type=\\"image/svg+xml\\" style=\\"width:30px;height:30px\\" class=\\"d-inline-block align-top\\"></object>
Test Result</a>
<div class=\\"mr-auto\\"><div class=\\"dropdown jtex--dropdown\\"><button class=\\"btn btn-light dropdown-toggle\\" data-toggle=\\"dropdown\\" type=\\"button\\">Browsers</button>
<div class=\\"dropdown-menu switch-browser-dropdown-menu\\"><a class=\\"dropdown-item switch-browser-menu-item\\" href=\\"javascript:;\\" menu-browser=\\"82275798\\"><i class=\\"material-icons text-primary\\">check</i>
 
HeadlessChrome 87.0.4280 (Linux 0.0.0)</a>
<a class=\\"dropdown-item switch-browser-menu-item\\" href=\\"javascript:;\\" menu-browser=\\"82275790\\"><i class=\\"material-icons text-primary\\">check</i>
 
Chrome 87.0.4280 (Linux 0.0.0)</a></div></div></div>
<div class=\\"mr-auto\\"><form id=\\"search-cases\\" class=\\"inline-form\\" onsubmit=\\"return false;\\"><input class=\\"form-control mr-sm2\\" type=\\"search\\" placeholder=\\"Search\\" aria-label=\\"Search\\" name=\\"keywords\\"></form></div>
<div class=\\"test-summary\\"><span class=\\"badge badge-light\\"><i class=\\"material-icons\\">access_alarms</i>
 
<span id=\\"browser-total-time\\"></span></span>
<span class=\\"badge badge-light\\" title=\\"Total\\"><i class=\\"material-icons\\">view_list</i>
: 
<span id=\\"browser-total-count\\"></span></span>
<span class=\\"badge badge-success\\" title=\\"Success\\"><i class=\\"material-icons\\">check_circle</i>
 
<span id=\\"browser-success-count\\"></span></span>
<span class=\\"badge badge-danger\\" title=\\"Failed\\"><i class=\\"material-icons\\">error</i>
<span id=\\"browser-error-count\\"></span></span>
<span class=\\"badge badge-dark\\" title=\\"Skipped\\"><i class=\\"material-icons\\">highlight_off</i>
 
<span id=\\"browser-skipped-count\\"></span></span></div></nav>"
`;
