// Jest Snapshot v1, https://goo.gl/fbAQLP

exports[`should render scripts correctly 1`] = `
"<script src=\\"https://code.jquery.com/jquery-3.2.1.slim.min.js\\" integrity=\\"sha384-KJ3o2DKtIkvYIK3UENzmM7KCkRr/rE9/Qpg6aAZGJwFDMVNA/GpGFF93hXpG5KkN\\" crossorigin=\\"anonymous\\"></script><script src=\\"https://unpkg.com/popper.js@1.12.6/dist/umd/popper.js\\" integrity=\\"sha384-fA23ZRQ3G/J53mElWqVJEGJzU0sTs+SvzG8fXVWP+kJQ1lwFAOkcUOysnlKJC33U\\" crossorigin=\\"anonymous\\"></script><script src=\\"https://unpkg.com/bootstrap-material-design@4.1.1/dist/js/bootstrap-material-design.js\\" integrity=\\"sha384-CauSuKpEqAFajSpkdjv3z9t8E7RlpJ1UP0lKM/+NdtSarroVKu069AlsRPKkFBz9\\" crossorigin=\\"anonymous\\"></script><script>$(document).ready(function() { $('body').bootstrapMaterialDesign(); });</script><script>var karmaResults = 
[{\\"browser\\":{\\"id\\":\\"82275798\\",\\"fullName\\":\\"Mozilla/5.0 (X11; Linux x86_64) AppleWebKit/537.36 (KHTML, like Gecko) HeadlessChrome/87.0.4280.88 Safari/537.36\\",\\"name\\":\\"HeadlessChrome 87.0.4280 (Linux 0.0.0)\\",\\"state\\":\\"DISCONNECTED\\",\\"lastResult\\":{\\"startTime\\":1611677505999,\\"total\\":7,\\"success\\":6,\\"failed\\":1,\\"skipped\\":0,\\"totalTime\\":60000003,\\"netTime\\":3,\\"error\\":false,\\"disconnected\\":false,\\"totalTimeStr\\":\\"16h40m3ms\\"},\\"disconnectsCount\\":0,\\"noActivityTimeout\\":30000,\\"disconnectDelay\\":2000},\\"errors\\":[],\\"results\\":[{\\"id\\":\\"\\",\\"description\\":\\"simplest test case\\",\\"suite\\":[\\"Test example\\"],\\"success\\":true,\\"skipped\\":false,\\"pending\\":false,\\"time\\":0,\\"log\\":[],\\"assertionErrors\\":[],\\"startTime\\":1611677505991,\\"endTime\\":1611677505992},{\\"id\\":\\"\\",\\"description\\":\\"async test case\\",\\"suite\\":[\\"Test example\\"],\\"success\\":true,\\"skipped\\":false,\\"pending\\":false,\\"time\\":0,\\"log\\":[],\\"assertionErrors\\":[],\\"startTime\\":1611677505992,\\"endTime\\":1611677505992},{\\"id\\":\\"\\",\\"description\\":\\"sinon fake\\",\\"suite\\":[\\"Test example\\"],\\"success\\":true,\\"skipped\\":false,\\"pending\\":false,\\"time\\":1,\\"log\\":[],\\"assertionErrors\\":[],\\"startTime\\":1611677505993,\\"endTime\\":1611677505994},{\\"id\\":\\"\\",\\"description\\":\\"sinon spies\\",\\"suite\\":[\\"Test example\\"],\\"success\\":true,\\"skipped\\":false,\\"pending\\":false,\\"time\\":0,\\"log\\":[],\\"assertionErrors\\":[],\\"startTime\\":1611677505994,\\"endTime\\":1611677505994},{\\"id\\":\\"\\",\\"description\\":\\"sinon mock\\",\\"suite\\":[\\"Test example\\"],\\"success\\":true,\\"skipped\\":false,\\"pending\\":false,\\"time\\":2,\\"log\\":[],\\"assertionErrors\\":[],\\"startTime\\":1611677505994,\\"endTime\\":1611677505996},{\\"id\\":\\"\\",\\"description\\":\\"failure\\",\\"suite\\":[\\"Test example\\"],\\"success\\":false,\\"skipped\\":false,\\"pending\\":false,\\"time\\":0,\\"log\\":[\\"AssertionError: expected 1 to equal 2\\",\\"    at Context.<anonymous> (absolute/home/y1j2x34/Workspaces/lab/frontend-testing/__tests__/demo.spec.js?62a54a35c73ad922c1e2ae50fb1810c109dba9de:172:66)\\"],\\"assertionErrors\\":[{\\"name\\":\\"AssertionError\\",\\"message\\":\\"expected 1 to equal 2\\",\\"showDiff\\":true,\\"actual\\":\\"1\\",\\"expected\\":\\"2\\"}],\\"startTime\\":1611677505996,\\"endTime\\":1611677505997},{\\"id\\":\\"\\",\\"description\\":\\"test2 parallel is Working\\",\\"suite\\":[\\"test2\\"],\\"success\\":true,\\"skipped\\":false,\\"pending\\":false,\\"time\\":0,\\"log\\":[],\\"assertionErrors\\":[],\\"startTime\\":1611677505997,\\"endTime\\":1611677505997}]},{\\"browser\\":{\\"id\\":\\"82275790\\",\\"fullName\\":\\"Mozilla/5.0 (X11; Linux x86_64) AppleWebKit/537.36 (KHTML, like Gecko) HeadlessChrome/87.0.4280.88 Safari/537.36\\",\\"name\\":\\"Chrome 87.0.4280 (Linux 0.0.0)\\",\\"state\\":\\"DISCONNECTED\\",\\"lastResult\\":{\\"startTime\\":1611677505999,\\"total\\":7,\\"success\\":6,\\"failed\\":1,\\"skipped\\":0,\\"totalTime\\":6,\\"netTime\\":3,\\"error\\":false,\\"disconnected\\":false,\\"totalTimeStr\\":\\"6ms\\"},\\"disconnectsCount\\":0,\\"noActivityTimeout\\":30000,\\"disconnectDelay\\":2000},\\"errors\\":[],\\"results\\":[{\\"id\\":\\"\\",\\"description\\":\\"simplest test case\\",\\"suite\\":[\\"Test example\\"],\\"success\\":true,\\"skipped\\":false,\\"pending\\":false,\\"time\\":0,\\"log\\":[],\\"assertionErrors\\":[],\\"startTime\\":1611677505991,\\"endTime\\":1611677505992},{\\"id\\":\\"\\",\\"description\\":\\"async test case\\",\\"suite\\":[\\"Test example\\"],\\"success\\":true,\\"skipped\\":false,\\"pending\\":false,\\"time\\":0,\\"log\\":[],\\"assertionErrors\\":[],\\"startTime\\":1611677505992,\\"endTime\\":1611677505992},{\\"id\\":\\"\\",\\"description\\":\\"sinon fake\\",\\"suite\\":[\\"Test example2\\"],\\"success\\":true,\\"skipped\\":false,\\"pending\\":false,\\"time\\":1,\\"log\\":[],\\"assertionErrors\\":[],\\"startTime\\":1611677505993,\\"endTime\\":1611677505994},{\\"id\\":\\"\\",\\"description\\":\\"sinon spies\\",\\"suite\\":[\\"Test example2\\"],\\"success\\":true,\\"skipped\\":false,\\"pending\\":false,\\"time\\":0,\\"log\\":[],\\"assertionErrors\\":[],\\"startTime\\":1611677505994,\\"endTime\\":1611677505994},{\\"id\\":\\"\\",\\"description\\":\\"sinon mock\\",\\"suite\\":[\\"Test example\\"],\\"success\\":true,\\"skipped\\":false,\\"pending\\":false,\\"time\\":2,\\"log\\":[],\\"assertionErrors\\":[],\\"startTime\\":1611677505994,\\"endTime\\":1611677505996},{\\"id\\":\\"\\",\\"description\\":\\"failure\\",\\"suite\\":[\\"Test example\\"],\\"success\\":false,\\"skipped\\":false,\\"pending\\":false,\\"time\\":0,\\"log\\":[\\"AssertionError: expected 1 to equal 2\\",\\"    at Context.<anonymous> (absolute/home/y1j2x34/Workspaces/lab/frontend-testing/__tests__/demo.spec.js?62a54a35c73ad922c1e2ae50fb1810c109dba9de:172:66)\\"],\\"assertionErrors\\":[{\\"name\\":\\"AssertionError\\",\\"message\\":\\"expected 1 to equal 2\\",\\"showDiff\\":true,\\"actual\\":\\"1\\",\\"expected\\":\\"2\\"}],\\"startTime\\":1611677505996,\\"endTime\\":1611677505997},{\\"id\\":\\"\\",\\"description\\":\\"test2 parallel is Working\\",\\"suite\\":[\\"test2\\"],\\"success\\":true,\\"skipped\\":false,\\"pending\\":false,\\"time\\":0,\\"log\\":[],\\"assertionErrors\\":[],\\"startTime\\":1611677505997,\\"endTime\\":1611677505997},{\\"id\\":\\"\\",\\"description\\":\\"test3 parallel is Working\\",\\"suite\\":[\\"test3\\"],\\"success\\":false,\\"skipped\\":true,\\"pending\\":false,\\"time\\":0,\\"log\\":[],\\"assertionErrors\\":[],\\"startTime\\":1611677505997,\\"endTime\\":1611677505997},{\\"id\\":\\"\\",\\"description\\":\\"test4 parallel is Working\\",\\"suite\\":[\\"test4\\"],\\"success\\":false,\\"skipped\\":false,\\"pending\\":true,\\"time\\":0,\\"log\\":[],\\"assertionErrors\\":[],\\"startTime\\":1611677505997,\\"endTime\\":1611677505997}]}]
; var focusOnFailures=
false
;</script><script>var menus = document.querySelectorAll('.switch-browser-menu-item');

var defaultBrowserId = karmaResults[0].browser.id;

var defaultMenu = Array.from(menus).find(it => {
    return it.getAttribute('menu-browser') === defaultBrowserId;
});

defaultMenu.classList.add('selected');
var last = defaultMenu;

menus.forEach(function (menu, i) {
    var browserId = karmaResults[i].browser.id;
    menu.onclick = function () {
        last.classList.remove('selected');
        menu.classList.add('selected');
        last = menu;
        updateUI(browserId);
    };
});

var totalTimeElm = document.getElementById('browser-total-time');
var totalCountElm = document.getElementById('browser-total-count');
var successCountElm = document.getElementById('browser-success-count');
var errorCountElm = document.getElementById('browser-error-count');
var skippedCountElm = document.getElementById('browser-skipped-count');

function updateUI(browserId) {
    var browserResult = karmaResults.find(it => it.browser.id === browserId);
    if (!browserResult) {
        return;
    }
    karmaResults
        .filter(it => it.browser.id !== browserId)
        .forEach(function (result) {
            var otherBrowserId = result.browser.id;
            var elms = document.querySelectorAll('[data-browser=\\"' + otherBrowserId + '\\"]');
            elms.forEach(function (elm) {
                elm.classList.add('hide-browser-result');
            });
        });

    var elms = document.querySelectorAll('[data-browser=\\"' + browserId + '\\"]');
    elms.forEach(function (elm) {
        elm.classList.remove('hide-browser-result');
    });
    var browserLastResult = browserResult.browser.lastResult;
    totalTimeElm.innerText = browserLastResult.totalTimeStr;
    totalCountElm.innerText = browserLastResult.total;
    successCountElm.innerText = browserLastResult.success;
    errorCountElm.innerText = browserLastResult.failed;
    skippedCountElm.innerText = browserLastResult.skipped;
}

updateUI(defaultBrowserId);

if (focusOnFailures) {
    var errorSuites = document.querySelectorAll('#has-error-suite');
    if (errorSuites.length > 0) {
        for (var i = 0; i < errorSuites.length; i++) {
            var errorElm = errorSuites[i];
            errorElm.id = errorElm.id + '-' + i;
            if (errorElm.getClientRects().length > 0) {
                location.hash = errorElm.id;
                break;
            }
        }
    }
}

var form = $('#search-cases');
form.on('submit', function () {
    var keywords = form.serializeArray()[0].value.split(/s+/);
    console.info(keywords);
    $('.suite-card-group .card').each(function (i, card) {
        var items = $(card).find('.suite-case-item');
        var matches = 0;
        $(card).removeClass('jtex-search-not-match');
        items.removeClass('jtex-search-not-match');
        items.each(function (j, item) {
            var desc = $(item).find('.suite-case-desc').text();
            var found = keywords.some(it => desc.indexOf(it) > -1);
            if (found) {
                matches++;
            } else {
                $(item).addClass('jtex-search-not-match');
            }
        });
        if (matches === 0) {
            $(card).addClass('jtex-search-not-match');
        }
    });
});
</script>"
`;
